[07:10:53] [ServerMain/INFO]: [bootstrap] Running Java 25 (OpenJDK 64-Bit Server VM 25.0.2+10-Ubuntu-124.04; Ubuntu null) on Linux 6.8.0-1052-azure (amd64)
[07:10:53] [ServerMain/INFO]: [bootstrap] Loading Paper 1.21.11-99-main@81b9122 (2026-01-20T19:08:30Z) for Minecraft 1.21.11
[07:10:53] [ServerMain/INFO]: [PluginInitializerManager] Initializing plugins...
[07:10:57] [ServerMain/INFO]: [PluginInitializerManager] Initialized 9 plugins
[07:10:57] [ServerMain/INFO]: [PluginInitializerManager] Bukkit plugins (9):
 - AxGraves (1.28.0), Back (1.8.6), BigDoors (0.1.8.67), Essentials (2.21.2), GSit (3.4.1), Kiss (1.0.0), Multiverse-Core (5.7.0), SkinsRestorer (15.12.2), WorldEdit (7.4.2+7450-eb8e82c)
[07:11:02] [ServerMain/INFO]: Environment: Environment[sessionHost=https://sessionserver.mojang.com, servicesHost=https://api.minecraftservices.com, profilesHost=https://api.mojang.com, name=PROD]
[07:11:02] [ServerMain/INFO]: [ca.spottedleaf.dataconverter.minecraft.datatypes.MCTypeRegistry] Initialising converters for DataConverter...
[07:11:03] [ServerMain/INFO]: [ca.spottedleaf.dataconverter.minecraft.datatypes.MCTypeRegistry] Finished initialising converters for DataConverter in 558.5ms
[07:11:03] [ServerMain/ERROR]: Couldn't load file/village_perfect.mushroom_fields 1.21.zip pack metadata: Pack declares support for version newer than 81, but is missing mandatory fields min_format and max_format
[07:11:04] [ServerMain/ERROR]: Couldn't load file/village_perfect.swamp 1.21.zip pack metadata: Pack declares support for version newer than 81, but is missing mandatory fields min_format and max_format
[07:11:10] [ServerMain/INFO]: Loaded 1581 recipes
[07:11:10] [ServerMain/INFO]: Loaded 1850 advancements
[07:11:10] [Server thread/INFO]: Starting minecraft server version 1.21.11
[07:11:10] [Server thread/INFO]: Loading properties
[07:11:11] [Server thread/INFO]: This server is running Paper version 1.21.11-99-main@81b9122 (2026-01-20T19:08:30Z) (Implementing API version 1.21.11-R0.1-SNAPSHOT)
[07:11:11] [Server thread/INFO]: [spark] This server bundles the spark profiler. For more information please visit https://docs.papermc.io/paper/profiling
[07:11:11] [Server thread/INFO]: Server Ping Player Sample Count: 12
[07:11:11] [Server thread/INFO]: Using 4 threads for Netty based IO
[07:11:12] [Server thread/INFO]: [MoonriseCommon] Paper is using 1 worker threads, 1 I/O threads
[07:11:12] [Server thread/INFO]: Default game type: SURVIVAL
[07:11:12] [Server thread/INFO]: Generating keypair
[07:11:12] [Server thread/INFO]: Starting Minecraft server on *:25565
[07:11:13] [Server thread/INFO]: Paper: Using libdeflate (Linux x86_64) compression from Velocity.
[07:11:13] [Server thread/INFO]: Paper: Using OpenSSL 3.x.x (Linux x86_64) cipher from Velocity.
[07:11:14] [Server thread/INFO]: [SpigotLibraryLoader] [BigDoors] Loading 1 libraries... please wait
[07:11:14] [Server thread/INFO]: [SpigotLibraryLoader] [BigDoors] Loaded library /workspaces/sabesita/servidor_minecraft/libraries/net/bytebuddy/byte-buddy/1.18.2/byte-buddy-1.18.2.jar
[07:11:14] [Server thread/WARN]: [org.bukkit.craftbukkit.legacy.CraftLegacy] Initializing Legacy Material Support. Unless you have legacy plugins and/or data this is a bug!
[07:11:22] [Server thread/INFO]: [SkinsRestorer] Loading server plugin SkinsRestorer v15.12.2
[07:11:22] [Server thread/INFO]: [AxGraves] Loading server plugin AxGraves v1.28.0
[07:11:22] [Server thread/INFO]: [Back] Loading server plugin Back v1.8.6
[07:11:22] [Server thread/INFO]: [CoreLogging] Loading server plugin Multiverse-Core v5.7.0
[07:11:22] [Server thread/INFO]: [BigDoors] Loading server plugin BigDoors v0.1.8.67
[07:11:22] [Server thread/INFO]: [Essentials] Loading server plugin Essentials v2.21.2
[07:11:22] [Server thread/INFO]: [Kiss] Loading server plugin Kiss v1.0.0
[07:11:22] [Server thread/INFO]: [GSit] Loading server plugin GSit v3.4.1
[07:11:22] [Server thread/INFO]: [WorldEdit] Loading server plugin WorldEdit v7.4.2+7450-eb8e82c
[07:11:23] [Server thread/INFO]: Got request to register class com.sk89q.worldedit.bukkit.BukkitServerInterface with WorldEdit [com.sk89q.worldedit.extension.platform.PlatformManager@65beaa85]
[07:11:23] [Server thread/INFO]: Server permissions file permissions.yml is empty, ignoring it
[07:11:23] [Server thread/INFO]: [SkinsRestorer] Enabling SkinsRestorer v15.12.2
[07:11:24] [Server thread/INFO]: [SkinsRestorer] Running on Minecraft 1.21.11.
[07:11:25] [Server thread/INFO]: [SkinsRestorer] Using paper join listener!
[07:11:25] [Server thread/INFO]: [WorldEdit] Enabling WorldEdit v7.4.2+7450-eb8e82c
[07:11:25] [Server thread/INFO]: Registering commands with com.sk89q.worldedit.bukkit.BukkitServerInterface
[07:11:25] [Folia Async Scheduler Thread #1/INFO]: [SkinsRestorer] ----------------------------------------------
[07:11:25] [Folia Async Scheduler Thread #1/INFO]: [SkinsRestorer]     +===================+
[07:11:25] [Folia Async Scheduler Thread #1/INFO]: [SkinsRestorer]     |   SkinsRestorer   |
[07:11:25] [Folia Async Scheduler Thread #1/INFO]: [SkinsRestorer]     |-------------------|
[07:11:25] [Folia Async Scheduler Thread #1/INFO]: [SkinsRestorer]     |  Standalone Mode  |
[07:11:25] [Folia Async Scheduler Thread #1/INFO]: [SkinsRestorer]     +===================+
[07:11:25] [Folia Async Scheduler Thread #1/INFO]: [SkinsRestorer] ----------------------------------------------
[07:11:25] [Folia Async Scheduler Thread #1/INFO]: [SkinsRestorer]     Version: 15.12.2
[07:11:25] [Folia Async Scheduler Thread #1/INFO]: [SkinsRestorer]     Commit: 5872d07
[07:11:25] [Folia Async Scheduler Thread #1/INFO]: [SkinsRestorer]     This is the latest version!
[07:11:25] [Folia Async Scheduler Thread #1/INFO]: [SkinsRestorer] ----------------------------------------------
[07:11:25] [Folia Async Scheduler Thread #1/INFO]: [SkinsRestorer] Do you have issues? Read our troubleshooting guide: https://skinsrestorer.net/docs/troubleshooting
[07:11:25] [Folia Async Scheduler Thread #1/INFO]: [SkinsRestorer] Want to support SkinsRestorer or receive priority support? Become a supporter: https://skinsrestorer.net/pricing
[07:11:25] [Server thread/INFO]: WEPIF: Using the Bukkit Permissions API.
[07:11:25] [Server thread/INFO]: Using com.sk89q.worldedit.bukkit.adapter.impl.v1_21_11.PaperweightAdapter as the Bukkit adapter
[07:11:25] [Server thread/WARN]: **** SERVER IS RUNNING IN OFFLINE/INSECURE MODE!
[07:11:25] [Server thread/WARN]: The server will make no attempt to authenticate usernames. Beware.
[07:11:25] [Server thread/WARN]: While this makes the game possible to play without internet access, it also opens up the ability for hackers to connect with any username they choose.
[07:11:25] [Server thread/WARN]: To change this, set "online-mode" to "true" in the server.properties file.
[07:11:25] [Server thread/INFO]: Preparing level "world"
[07:11:25] [Server thread/INFO]: [ca.spottedleaf.moonrise.common.util.MoonriseConstants] NUMA enable flag is not set; however there is NUMA interaction support for this OS.
[07:11:25] [Server thread/INFO]: [ca.spottedleaf.moonrise.common.util.MoonriseConstants] Detected 1 NUMA nodes.
[07:11:26] [Server thread/INFO]: Loading 25 persistent chunks for world 'minecraft:overworld'...
[07:11:26] [Server thread/INFO]: Preparing spawn area: 28%
[07:11:27] [Server thread/INFO]: Preparing spawn area: 45%
[07:11:27] [Server thread/INFO]: Prepared spawn area in 924 ms
[07:11:27] [Server thread/INFO]: Loading 0 persistent chunks for world 'minecraft:the_nether'...
[07:11:27] [Server thread/INFO]: Prepared spawn area in 1 ms
[07:11:27] [Server thread/INFO]: Loading 0 persistent chunks for world 'minecraft:the_end'...
[07:11:27] [Server thread/INFO]: Prepared spawn area in 0 ms
[07:11:27] [Server thread/INFO]: Done preparing level "world" (1.893s)
[07:11:27] [Server thread/INFO]: [AxGraves] Enabling AxGraves v1.28.0
[07:11:28] [Server thread/INFO]: [Back] Enabling Back v1.8.6
[07:11:28] [Server thread/WARN]: [Back] Language 'en_US' loaded!
[07:11:28] [Server thread/ERROR]: [Back] Failed to register events for class me.GFelberg.Back.Main because net/milkbowl/vault/economy/Economy does not exist.
[07:11:28] [Server thread/INFO]: The death_locations.yml file has been saved
[07:11:28] [Server thread/INFO]: ----------------------------
[07:11:28] [Server thread/INFO]: Back Plugin Enabled!
[07:11:28] [Server thread/INFO]: Vault Plugin or Economy Plugin or both not found! Plugin will works without Vault
[07:11:28] [Server thread/INFO]: Plugin developed by GFelberg
[07:11:28] [Server thread/INFO]: ----------------------------
[07:11:28] [Server thread/INFO]: [Multiverse-Core] Enabling Multiverse-Core v5.7.0
[07:11:29] [Server thread/INFO]: [Multiverse-Core] API service loaded!
[07:11:29] [Server thread/INFO]: [Multiverse-Core] Version 5.7.0 (API v5.7) Enabled - By dumptruckman, Rigby, fernferret, lithium3141, main--, benwoo1110 and Zax71
[07:11:29] [Server thread/INFO]: [Multiverse-Core] Loving Multiverse-Core? Please consider supporting the project with a small donation: https://github.com/sponsors/Multiverse
[07:11:29] [Server thread/INFO]: [BigDoors] Enabling BigDoors v0.1.8.67
[07:11:29] [Server thread/INFO]: [BigDoors] Power Block Types:
[07:11:29] [Server thread/INFO]: [BigDoors]  - GOLD_BLOCK
[07:11:29] [Server thread/INFO]: [BigDoors] Blacklisted materials:
[07:11:29] [Server thread/INFO]: [BigDoors]  - BEDROCK
[07:11:29] [Server thread/INFO]: [BigDoors]  - END_PORTAL
[07:11:29] [Server thread/INFO]: [BigDoors]  - END_PORTAL_FRAME
[07:11:29] [Server thread/INFO]: [BigDoors]  - NETHER_PORTAL
[07:11:29] [Server thread/INFO]: [BigDoors] No materials Whitelisted!
[07:11:29] [Server thread/INFO]: [BigDoors] DestroyListed materials:
[07:11:29] [Server thread/INFO]: [BigDoors]  - LAVA
[07:11:29] [Server thread/INFO]: [BigDoors]  - WATER
[07:11:29] [Server thread/INFO]: [BigDoors]  - SNOW
[07:11:29] [Server thread/INFO]: [BigDoors]  - FERN
[07:11:29] [Server thread/INFO]: [BigDoors]  - SHORT_GRASS
[07:11:29] [Server thread/INFO]: [BigDoors]  - TALL_GRASS
[07:11:29] [Server thread/INFO]: [BigDoors]  - TALL_GRASS
[07:11:29] [Server thread/INFO]: [BigDoors]  - SEAGRASS
[07:11:29] [Server thread/INFO]: [BigDoors]  - TALL_SEAGRASS
[07:11:31] [Server thread/INFO]: [BigDoors] Generated Class FakePlayer$Generated in 2127ms.
[07:11:31] [Server thread/INFO]: [BigDoors] Enabling stats! Thanks, it really helps!
[07:11:32] [Server thread/INFO]: [Essentials] Enabling Essentials v2.21.2
[07:11:32] [Server thread/ERROR]: [Essentials] You are running an unsupported server version!
[07:11:32] [Server thread/INFO]: [Essentials] Attempting to convert old kits in config.yml to new kits.yml
[07:11:32] [Server thread/INFO]: [Essentials] No kits found to migrate.
[07:11:32] [Server thread/INFO]: [Essentials] Selected 1.14.4+ Persistent Data Container Provider as the provider for PersistentDataProvider
[07:11:32] [Server thread/INFO]: [Essentials] Selected Paper Container Provider as the provider for ContainerProvider
[07:11:32] [Server thread/INFO]: [Essentials] Selected 1.11+ Item Unbreakable Provider as the provider for ItemUnbreakableProvider
[07:11:32] [Server thread/INFO]: [Essentials] Selected Legacy Biome Name Provider as the provider for BiomeNameProvider
[07:11:32] [Server thread/INFO]: [Essentials] Selected Paper Biome Key Provider as the provider for BiomeKeyProvider
[07:11:32] [Server thread/INFO]: [Essentials] Selected 1.21+ InventoryView Interface ABI Provider as the provider for InventoryViewProvider
[07:11:32] [Server thread/INFO]: [Essentials] Selected 1.12+ Spawner Block Provider as the provider for SpawnerBlockProvider
[07:11:32] [Server thread/INFO]: [Essentials] Selected 1.14+ Sign Data Provider as the provider for SignDataProvider
[07:11:32] [Server thread/INFO]: [Essentials] Selected 1.8.3+ Spawner Item Provider as the provider for SpawnerItemProvider
[07:11:32] [Server thread/INFO]: [Essentials] Selected Reflection Online Mode Provider as the provider for OnlineModeProvider
[07:11:32] [Server thread/INFO]: [Essentials] Selected 1.20.5+ Banner Data Provider as the provider for BannerDataProvider
[07:11:32] [Server thread/INFO]: [Essentials] Selected Paper Server State Provider as the provider for ServerStateProvider
[07:11:32] [Server thread/INFO]: [Essentials] Selected 1.21.4+ Sync Commands Provider as the provider for SyncCommandsProvider
[07:11:32] [Server thread/INFO]: [Essentials] Selected 1.20.4+ Damage Event Provider as the provider for DamageEventProvider
[07:11:32] [Server thread/INFO]: [Essentials] Selected 1.17.1+ World Info Provider as the provider for WorldInfoProvider
[07:11:32] [Server thread/INFO]: [Essentials] Selected Paper Tick Count Provider as the provider for TickCountProvider
[07:11:32] [Server thread/INFO]: [Essentials] Selected 1.20.6+ Potion Meta Provider as the provider for PotionMetaProvider
[07:11:32] [Server thread/INFO]: [Essentials] Selected 1.13+ Spawn Egg Provider as the provider for SpawnEggProvider
[07:11:32] [Server thread/INFO]: [Essentials] Selected Paper Material Tag Provider as the provider for MaterialTagProvider
[07:11:32] [Server thread/INFO]: [Essentials] Selected Reflection Formatted Command Alias Provider as the provider for FormattedCommandAliasProvider
[07:11:32] [Server thread/INFO]: [Essentials] Selected Paper Serialization Provider as the provider for SerializationProvider
[07:11:32] [Server thread/INFO]: [Essentials] Selected 1.12.2+ Player Locale Provider as the provider for PlayerLocaleProvider
[07:11:32] [Server thread/INFO]: [Essentials] Selected Paper Known Commands Provider as the provider for KnownCommandsProvider
[07:11:32] [Server thread/INFO]: [Essentials] Loaded 43880 items from items.json.
[07:11:33] [Server thread/INFO]: [Essentials] Using locale en
[07:11:33] [Server thread/INFO]: [Essentials] ServerListPingEvent: Spigot iterator API
[07:11:33] [Server thread/INFO]: [Essentials] Starting Metrics. Opt-out using the global bStats config.
[07:11:33] [Server thread/INFO]: [Essentials] Using superperms-based permissions.
[07:11:33] [Server thread/INFO]: [Kiss] Enabling Kiss v1.0.0
[07:11:33] [Server thread/INFO]: [Kiss] Kiss插件已启用！
[07:11:33] [Server thread/INFO]: [Kiss] 支持命令: /kiss, /hug, /lick
[07:11:33] [Server thread/INFO]: [GSit] Enabling GSit v3.4.1
[07:11:33] [Server thread/INFO]: [GSit] The plugin was successfully enabled.
[07:11:33] [Folia Async Scheduler Thread #2/INFO]: [GSit] New version available: 3.4.2! Current version: 3.4.1! Download the latest version: https://www.spigotmc.org/resources/GSit.62325
[07:11:33] [Server thread/INFO]: [spark] Starting background profiler...
[07:11:34] [Server thread/INFO]: Running delayed init tasks
[07:11:34] [Craft Scheduler Thread - 1 - Essentials/INFO]: [Essentials] Fetching version information...
[07:11:34] [Server thread/INFO]: Done (43.764s)! For help, type "help"
[07:11:34] [Server thread/INFO]: [BigDoors] Checking for updates...
[07:11:34] [Paper Async Task Handler Thread - 1/WARN]: *** You are running an outdated version of Minecraft, which is 2 release(s) and 33 build(s) behind!
[07:11:34] [Paper Async Task Handler Thread - 1/WARN]: *** Please update to the latest stable version on https://papermc.io/downloads/paper ***
[07:11:34] [ForkJoinPool.commonPool-worker-1/INFO]: [BigDoors] No new updates available.
[07:11:35] [Craft Scheduler Thread - 1 - Essentials/WARN]: [Essentials] There is a new EssentialsX version available for download: 2.22.0.
[07:11:35] [Craft Scheduler Thread - 1 - Essentials/WARN]: [Essentials] Download it here: https://essentialsx.net/downloads.html?branch=stable
[07:11:37] [Craft Scheduler Thread - 3 - AxGraves/INFO]: AxGraves »  There is a new version of AxGraves available! (current: 1.28.0 | latest: 1.28.1)
[07:12:17] [Server thread/INFO]: [Not Secure] [Server] as
[07:13:00] [User Authenticator #0/INFO]: UUID of player Singularity7k is 4fafd881-a093-3b07-9aaa-98f546055261
[07:13:00] [Server thread/INFO]: [HorriblePlayerLoginEventHack] You have plugins listening to the PlayerLoginEvent, this will cause re-configuration APIs to be unavailable: [BigDoors, Essentials]
[07:13:02] [Server thread/INFO]: Singularity7k joined the game
[07:13:02] [Server thread/INFO]: Singularity7k[/10.117.206.93:49222] logged in with entity id 9 at ([world]-1534.8048884576413, 65.5834886517744, 66.69999998807907)
[07:13:04] [Server thread/WARN]: [ca.spottedleaf.moonrise.patches.chunk_system.level.entity.EntityLookup] Entity uuid already exists: 299bcbdc-71bc-4401-b6f1-0fe7bc6a6e1c, mapped to GlowSquid['Glow Squid'/98, uuid='299bcbdc-71bc-4401-b6f1-0fe7bc6a6e1c', l='ServerLevel[world]', x=-1590.40, y=2.00, z=-31.50, cpos=[-100, -2], tl=0, v=true], can't add GlowSquid['Glow Squid'/100, uuid='299bcbdc-71bc-4401-b6f1-0fe7bc6a6e1c', l='ServerLevel[world]', x=-1590.40, y=2.14, z=-32.10, cpos=[-100, -3], tl=0, v=false]
[07:14:35] [User Authenticator #1/INFO]: UUID of player noemiii_angg is 55061188-dc25-3367-97e5-415b07d17887
[07:14:36] [Server thread/INFO]: Singularity7k issued server command: /gamemode creative
[07:14:36] [Server thread/INFO]: noemiii_angg joined the game
[07:14:36] [Server thread/INFO]: noemiii_angg[/10.117.206.101:50996] logged in with entity id 493 at ([world]-1527.376040542031, 68.75170919705319, 60.26124887547407)
[07:14:43] [Server thread/INFO]: Singularity7k issued server command: /gamemode survival
[07:15:16] [Server thread/INFO]: Singularity7k issued server command: /attribute Singularity7k minecraft:scale base set 1
[07:15:21] [Server thread/INFO]: Singularity7k issued server command: /attribute noemiii_angg minecraft:scale base set 1
[07:15:46] [Async Chat Thread - #2/INFO]: [Not Secure] <Singularity7k> espero tenerla, me ando cansando ya
[07:25:36] [Server thread/INFO]: noemiii_angg issued server command: /tp Singularity7k
[07:25:43] [Server thread/INFO]: Singularity7k issued server command: /gamemode creative
[07:26:20] [Server thread/INFO]: Villager Villager['Dolores'/993, uuid='f5b5e0c9-769e-410e-88c8-d6e6e1af13c8', l='ServerLevel[world]', x=-1234.90, y=72.00, z=413.70, cpos=[-78, 25], tl=1512, v=true] died, message: 'Dolores suffocated in a wall'
[07:26:20] [Server thread/INFO]: Named entity Villager['Dolores'/993, uuid='f5b5e0c9-769e-410e-88c8-d6e6e1af13c8', l='ServerLevel[world]', x=-1234.90, y=72.00, z=413.70, cpos=[-78, 25], tl=1512, v=true] died: Dolores suffocated in a wall
[07:26:46] [Server thread/INFO]: Singularity7k issued server command: /effect give Singularity7k minecraft:strength infinite 255
[07:26:46] [Server thread/INFO]: [Singularity7k: Applied effect Strength to Singularity7k]
[07:26:53] [Server thread/INFO]: Singularity7k has made the advancement [aot.adv.mankind]
[07:29:28] [Server thread/INFO]: Singularity7k issued server command: /tp noemiii_angg
[07:29:47] [Server thread/INFO]: noemiii_angg issued server command: /home franco
[07:30:08] [Server thread/INFO]: noemiii_angg issued server command: /tp Singularity7k
[07:30:52] [Server thread/INFO]: noemiii_angg issued server command: /home franco
[07:30:55] [Server thread/INFO]: Singularity7k issued server command: /gamemode survival
[07:37:41] [Server thread/INFO]: Singularity7k issued server command: /gamemode creative
[07:39:10] [Server thread/INFO]: noemiii_angg issued server command: /kiss Singularity7k
[07:42:53] [Server thread/INFO]: The death_locations.yml file has been saved
[07:42:53] [Server thread/INFO]: Environment: Environment[sessionHost=https://sessionserver.mojang.com, servicesHost=https://api.minecraftservices.com, profilesHost=https://api.mojang.com, name=PROD]
[07:42:53] [Server thread/INFO]: noemiii_angg was slain by Singularity7k
[07:43:00] [Server thread/INFO]: Singularity7k issued server command: /effect clear Singularity7k
[07:43:00] [Server thread/INFO]: [Singularity7k: Removed every effect from Singularity7k]
[07:43:02] [Server thread/INFO]: noemiii_angg issued server command: /back
[07:43:02] [Server thread/INFO]: The death_locations.yml file has been saved
[07:44:04] [Server thread/INFO]: noemiii_angg issued server command: /fly
[07:46:20] [Server thread/INFO]: noemiii_angg has made the advancement [The Cutest Predator]
[07:51:12] [Server thread/INFO]: [Not Secure] [Server] a
[08:00:17] [Server thread/INFO]: Singularity7k issued server command: /gamemode survival
[08:00:42] [Server thread/INFO]: Singularity7k issued server command: /attribute Singularity7k minecraft:scale base set 1
[08:00:47] [Server thread/INFO]: Singularity7k issued server command: /attribute noemiii_angg minecraft:scale base set 1
[08:01:07] [Server thread/INFO]: Singularity7k issued server command: /gamemode creative
[08:05:27] [Server thread/INFO]: noemiii_angg lost connection: Disconnected
[08:05:27] [Server thread/INFO]: noemiii_angg left the game
[08:09:04] [Server thread/INFO]: Singularity7k lost connection: Disconnected
[08:09:04] [Server thread/INFO]: Singularity7k left the game
[08:09:10] [Server thread/INFO]: Stopping the server
[08:09:10] [Server thread/INFO]: Stopping server
[08:09:10] [Server thread/INFO]: [WorldEdit] Disabling WorldEdit v7.4.2+7450-eb8e82c
[08:09:10] [Server thread/INFO]: Unregistering com.sk89q.worldedit.bukkit.BukkitServerInterface from WorldEdit
[08:09:10] [Server thread/INFO]: [GSit] Disabling GSit v3.4.1
[08:09:10] [Server thread/INFO]: [GSit] The plugin was successfully disabled.
[08:09:10] [Server thread/INFO]: [Kiss] Disabling Kiss v1.0.0
[08:09:10] [Server thread/INFO]: [Kiss] Kiss插件已禁用！
[08:09:10] [Server thread/INFO]: [Essentials] Disabling Essentials v2.21.2
[08:09:10] [Server thread/INFO]: [BigDoors] Disabling BigDoors v0.1.8.67
[08:09:10] [Server thread/INFO]: [Multiverse-Core] Disabling Multiverse-Core v5.7.0
[08:09:10] [Server thread/INFO]: [Multiverse-Core] - Disabled
[08:09:10] [Server thread/INFO]: [Back] Disabling Back v1.8.6
[08:09:10] [Server thread/INFO]: ----------------------------
[08:09:10] [Server thread/INFO]: Back Plugin Disabled!
[08:09:10] [Server thread/INFO]: Plugin developed by GFelberg
[08:09:10] [Server thread/INFO]: ----------------------------
[08:09:10] [Server thread/INFO]: [AxGraves] Disabling AxGraves v1.28.0
[08:09:10] [Server thread/INFO]: [SkinsRestorer] Disabling SkinsRestorer v15.12.2
[08:09:10] [Server thread/INFO]: Saving players
[08:09:10] [Server thread/INFO]: Saving worlds
[08:09:10] [Server thread/INFO]: Saving chunks for level 'ServerLevel[world]'/minecraft:overworld
[08:09:10] [Server thread/INFO]: [ChunkHolderManager] Waiting 60s for chunk system to halt for world 'world'
[08:09:10] [Server thread/INFO]: [ChunkHolderManager] Halted chunk system for world 'world'
[08:09:10] [Server thread/INFO]: [ChunkHolderManager] Saving all chunkholders for world 'world'
[08:09:11] [Server thread/INFO]: [ChunkHolderManager] Saved 514 block chunks, 724 entity chunks, 2 poi chunks in world 'world' in 0.91s
[08:09:11] [Server thread/INFO]: [ChunkHolderManager] Waiting 60s for chunk I/O to halt for world 'world'
[08:09:11] [Server thread/INFO]: [ChunkHolderManager] Halted I/O scheduler for world 'world'
[08:09:11] [Server thread/INFO]: Saving chunks for level 'ServerLevel[world_nether]'/minecraft:the_nether
[08:09:11] [Server thread/INFO]: [ChunkHolderManager] Waiting 60s for chunk system to halt for world 'world_nether'
[08:09:11] [Server thread/INFO]: [ChunkHolderManager] Halted chunk system for world 'world_nether'
[08:09:11] [Server thread/INFO]: [ChunkHolderManager] Saving all chunkholders for world 'world_nether'
[08:09:11] [Server thread/INFO]: [ChunkHolderManager] Saved 0 block chunks, 0 entity chunks, 0 poi chunks in world 'world_nether' in 0.00s
[08:09:11] [Server thread/INFO]: [ChunkHolderManager] Waiting 60s for chunk I/O to halt for world 'world_nether'
[08:09:11] [Server thread/INFO]: [ChunkHolderManager] Halted I/O scheduler for world 'world_nether'
[08:09:11] [Server thread/INFO]: Saving chunks for level 'ServerLevel[world_the_end]'/minecraft:the_end
[08:09:11] [Server thread/INFO]: [ChunkHolderManager] Waiting 60s for chunk system to halt for world 'world_the_end'
[08:09:11] [Server thread/INFO]: [ChunkHolderManager] Halted chunk system for world 'world_the_end'
[08:09:11] [Server thread/INFO]: [ChunkHolderManager] Saving all chunkholders for world 'world_the_end'
[08:09:11] [Server thread/INFO]: [ChunkHolderManager] Saved 0 block chunks, 0 entity chunks, 0 poi chunks in world 'world_the_end' in 0.00s
[08:09:11] [Server thread/INFO]: [ChunkHolderManager] Waiting 60s for chunk I/O to halt for world 'world_the_end'
[08:09:11] [Server thread/INFO]: [ChunkHolderManager] Halted I/O scheduler for world 'world_the_end'
[08:09:11] [Server thread/INFO]: ThreadedAnvilChunkStorage (world): All chunks are saved
[08:09:11] [Server thread/INFO]: ThreadedAnvilChunkStorage (DIM-1): All chunks are saved
[08:09:11] [Server thread/INFO]: ThreadedAnvilChunkStorage (DIM1): All chunks are saved
[08:09:11] [Server thread/INFO]: ThreadedAnvilChunkStorage: All dimensions are saved
[08:09:11] [Server thread/INFO]: Waiting for all RegionFile I/O tasks to complete...
[08:09:11] [Server thread/INFO]: All RegionFile I/O tasks to complete
[08:09:11] [Server thread/INFO]: [MoonriseCommon] Awaiting termination of worker pool for up to 60s...
[08:09:11] [Server thread/INFO]: [MoonriseCommon] Awaiting termination of I/O pool for up to 60s...
